CASE both-invalid widths=[73, 73, 73, 73, 73, 73, 73, 73, 73]
┌───────────────────────────────────────────────────────────────────────┐
│                            Minos — par x0                             │
├───────────────────────────────────┬───────────────────────────────────┤
│ value = 3.78                      │             Nfcn = 17             │
├───────────────────────────────────┼───────────────────────────────────┤
│ sides = invalid / invalid         │              INVALID              │
├───────────────────────────────────┼───────────────────────────────────┤
│           Upper: FAILED           │           Lower: FAILED           │
└───────────────────────────────────┴───────────────────────────────────┘

CASE mixed widths=[73, 73, 73, 73, 73, 73, 73, 73, 73]
┌───────────────────────────────────────────────────────────────────────┐
│                            Minos — par x0                             │
├───────────────────────────────────┬───────────────────────────────────┤
│ value = 3.78                      │             Nfcn = 17             │
├───────────────────────────────────┼───────────────────────────────────┤
│ sides = at upper limit / invalid  │              INVALID              │
├───────────────────────────────────┼───────────────────────────────────┤
│Upper at limit; distance=+8.597e-07│           Lower: FAILED           │
└───────────────────────────────────┴───────────────────────────────────┘

CASE large-distance widths=[73, 73, 73, 73, 73, 73, 73, 73, 73]
┌───────────────────────────────────────────────────────────────────────┐
│                            Minos — par x0                             │
├───────────────────────────────────┬───────────────────────────────────┤
│ value = 3.78                      │             Nfcn = 17             │
├───────────────────────────────────┼───────────────────────────────────┤
│ sides = at upper limit / −0.3     │               Valid               │
├───────────────────────────────────┼───────────────────────────────────┤
│Upper at limit; distance=+1.23e+100│             Lower: OK             │
└───────────────────────────────────┴───────────────────────────────────┘
